<?xml version="1.0" encoding="UTF-8"?>
<testsuites name="jest tests" tests="1" failures="0" errors="0" time="0.466">
  <testsuite name="health" errors="0" failures="0" skipped="0" timestamp="2025-08-19T19:14:04" time="0.438" tests="1">
    <testcase classname="health returns ok + message" name="health returns ok + message" time="0.022">
    </testcase>
  </testsuite>
</testsuites>